Skipped export for CalculationRegressionTests/testAppendingDigitsPreservesExistingInputBehavior(): no matching attachments

Skipped export for CalculationRegressionTests/testExistingArithmeticAndNonfiniteResults(): no matching attachments

Skipped export for CalculationRegressionTests/testExistingTrigonometricFunctionsUseRadians(): no matching attachments

Skipped export for CalculatorTokensTests/testApplicationBundleContainsTheFixedApprovedResource(): no matching attachments

Skipped export for CalculatorTokensTests/testDecodeUsesSuppliedValuesInsteadOfFixedConstants(): no matching attachments

Skipped export for CalculatorTokensTests/testInvalidLayoutUnitsAndOpacityAreRejected(): no matching attachments

Skipped export for CalculatorTokensTests/testLoadReadsTheApprovedFile(): no matching attachments

Skipped export for CalculatorTokensTests/testMalformedJSONAndUnknownSemanticColorAreRejected(): no matching attachments

Skipped export for CalculatorTokensTests/testMissingRequiredFieldIsRejected(): no matching attachments

Skipped export for CalculatorTokensTests/testMissingResourceReportsTheReadFailure(): no matching attachments

Exported 15 attachments for: CalculatorUITests/testApprovedCasesOnCurrentDevice():
File: 4F1007C7-674C-4B65-A77B-C538263E84AE.png, suggested name: "A15_0_5FAF8260-41C2-484E-86F8-E68C03EF2631.png"
File: 321B813E-CB05-484D-A4EB-F738FAD13BEA.png, suggested name: "A14_0_2A4C6512-E70B-48C0-8AC9-5CD8A138C4F2.png"
File: D7B18066-6138-4C91-868F-553D881D22A3.png, suggested name: "A13_0_CF2ECBFB-E4B9-4F2B-B414-7F4D88D862A0.png"
File: CF6C4264-4032-4F2C-BE6A-8BB9BA4C06EA.png, suggested name: "A12_0_98717298-51D0-4812-A005-414535B184EA.png"
File: 485BDE5D-ABA3-4F12-9C5B-ACF89374913F.png, suggested name: "A11_0_46BDBACE-32C1-4F02-9B72-63FCB283B6B1.png"
File: C64B2F3A-93BD-4FDC-AD9B-2608A5EAA419.png, suggested name: "A10_0_7FD2DD8A-E27B-4663-B9CB-A7F325BFA36F.png"
File: 97555932-0DA5-4F65-B6FF-58F1B8DE3882.png, suggested name: "A09_0_C44192C0-F5CE-4508-95F2-3D1EE2344FCC.png"
File: 5AE61B24-2E3C-48D0-9E87-C06C16481D64.png, suggested name: "A08_0_EDD9B115-3DAB-4E28-A27D-5CA3A4FA35F9.png"
File: 272667FE-8642-476B-8B27-9CDBF291D61E.png, suggested name: "A07_0_15BD2794-F43E-44AC-8CA6-EBF1E5077605.png"
File: 0A62885E-A018-49FA-BCDD-AD3BA8EF686F.png, suggested name: "A06_0_8FE7FA3A-2AF1-4A62-8A90-C460772949B4.png"
File: 342DE2F9-874D-478A-9BD6-623A012F3E1B.png, suggested name: "A05_0_7BA71D47-D8F9-41E9-8FED-A53200B69741.png"
File: B1539C63-9030-4E6D-921B-437F6D9536C4.png, suggested name: "A04_0_3F16F076-EBCA-4BB7-9BF5-7A77FF9FCEC0.png"
File: 0B976A98-017C-4BF8-97EC-283EF7757773.png, suggested name: "A03_0_BC0DE0A6-4FF1-4890-92C3-6F3C66AE684E.png"
File: D6599E37-47B2-4128-AD4F-3FD5AA43152D.png, suggested name: "A02_0_831B6132-5B11-49BF-B2F4-A06F898B450E.png"
File: 26EFF4F3-1740-4488-9114-7330F7BFD620.png, suggested name: "A01_0_F03B973A-B68B-4BD4-8C35-A7EF5F18CB2A.png"

Generated manifest file with attachment details: /private/tmp/ui-goal04-20261006-azi78jzc/formal-pilot-preparation/native/Pro/attachments/manifest.json
