Command line invocation:
    /Applications/Xcode-27.0.0.app/Contents/Developer/usr/bin/xcodebuild -project CalculatorSwiftUI.xcodeproj -scheme CalculatorSwiftUI -sdk iphonesimulator -destination "platform=iOS Simulator,id=D14EBF55-3D41-419E-8F85-306D5D812CFD" -configuration Debug -derivedDataPath /private/tmp/ui-goal04-20261006-azi78jzc/formal-pilot-preparation/native/derived -resultBundlePath /private/tmp/ui-goal04-20261006-azi78jzc/formal-pilot-preparation/native/Pro/tests.xcresult -disableAutomaticPackageResolution -parallel-testing-enabled NO CODE_SIGNING_ALLOWED=NO IPHONEOS_DEPLOYMENT_TARGET=15.0 test

Build settings from command line:
    CODE_SIGNING_ALLOWED = NO
    IPHONEOS_DEPLOYMENT_TARGET = 15.0
    SDKROOT = iphonesimulator27.0

Writing result bundle at path:
	/private/tmp/ui-goal04-20261006-azi78jzc/formal-pilot-preparation/native/Pro/tests.xcresult

ComputePackagePrebuildTargetDependencyGraph

Prepare packages

CreateBuildRequest

SendProjectDescription

CreateBuildOperation

ComputeTargetDependencyGraph
warning: Building targets in manual order is deprecated - choose Dependency Order in scheme settings instead, or set DISABLE_MANUAL_TARGET_ORDER_BUILD_WARNING in any of the targets in the current scheme to suppress this warning
note: Target dependency graph (3 targets)
    Target 'CalculatorUITests' in project 'CalculatorSwiftUI'
        ➜ Explicit dependency on target 'CalculatorSwiftUI' in project 'CalculatorSwiftUI'
    Target 'CalculatorTests' in project 'CalculatorSwiftUI'
        ➜ Explicit dependency on target 'CalculatorSwiftUI' in project 'CalculatorSwiftUI'
    Target 'CalculatorSwiftUI' in project 'CalculatorSwiftUI' (no dependencies)

GatherProvisioningInputs

CreateBuildDescription

ExecuteExternalTool /Applications/Xcode-27.0.0.app/Contents/Developer/usr/bin/actool --print-asset-tag-combinations --output-format xml1 /tmp/ui-goal04-20261006-azi78jzc/formal-pilot-preparation/app/CalculatorSwiftUI/Preview Content/Preview Assets.xcassets /tmp/ui-goal04-20261006-azi78jzc/formal-pilot-preparation/app/CalculatorSwiftUI/Assets.xcassets

ExecuteExternalTool /Applications/Xcode-27.0.0.app/Contents/Developer/Toolchains/XcodeDefault.xctoolchain/usr/bin/swiftc --version

ExecuteExternalTool /Applications/Xcode-27.0.0.app/Contents/Developer/usr/bin/ibtool --version --output-format xml1

ExecuteExternalTool /Applications/Xcode-27.0.0.app/Contents/Developer/Toolchains/XcodeDefault.xctoolchain/usr/bin/clang -v -E -dM -isysroot /Applications/Xcode-27.0.0.app/Contents/Developer/Platforms/iPhoneSimulator.platform/Developer/SDKs/iPhoneSimulator27.0.sdk -x c -c /dev/null

ExecuteExternalTool /Applications/Xcode-27.0.0.app/Contents/Developer/Toolchains/XcodeDefault.xctoolchain/usr/bin/ld -version_details

ExecuteExternalTool /Applications/Xcode-27.0.0.app/Contents/Developer/usr/bin/actool --version --output-format xml1

Build description signature: ff3aa7240a56350286d889ff2b7c2179
Build description path: /tmp/ui-goal04-20261006-azi78jzc/formal-pilot-preparation/native/derived/Build/Intermediates.noindex/XCBuildData/ff3aa7240a56350286d889ff2b7c2179.xcbuilddata
ClangStatCache /Applications/Xcode-27.0.0.app/Contents/Developer/Toolchains/XcodeDefault.xctoolchain/usr/bin/clang-stat-cache /Applications/Xcode-27.0.0.app/Contents/Developer/Platforms/iPhoneSimulator.platform/Developer/SDKs/iPhoneSimulator27.0.sdk /tmp/ui-goal04-20261006-azi78jzc/formal-pilot-preparation/native/derived/SDKStatCaches.noindex/iphonesimulator27.0-24A430-e829b21a6f8c9b70876ba0858053c044e5777d08492bbb2b9a17b83f613657ee.sdkstatcache
    cd /tmp/ui-goal04-20261006-azi78jzc/formal-pilot-preparation/app/CalculatorSwiftUI.xcodeproj
    /Applications/Xcode-27.0.0.app/Contents/Developer/Toolchains/XcodeDefault.xctoolchain/usr/bin/clang-stat-cache /Applications/Xcode-27.0.0.app/Contents/Developer/Platforms/iPhoneSimulator.platform/Developer/SDKs/iPhoneSimulator27.0.sdk -o /tmp/ui-goal04-20261006-azi78jzc/formal-pilot-preparation/native/derived/SDKStatCaches.noindex/iphonesimulator27.0-24A430-e829b21a6f8c9b70876ba0858053c044e5777d08492bbb2b9a17b83f613657ee.sdkstatcache

CompileAssetCatalogVariant thinned /tmp/ui-goal04-20261006-azi78jzc/formal-pilot-preparation/native/derived/Build/Products/Debug-iphonesimulator/CalculatorSwiftUI.app /tmp/ui-goal04-20261006-azi78jzc/formal-pilot-preparation/app/CalculatorSwiftUI/Preview\ Content/Preview\ Assets.xcassets /tmp/ui-goal04-20261006-azi78jzc/formal-pilot-preparation/app/CalculatorSwiftUI/Assets.xcassets (in target 'CalculatorSwiftUI' from project 'CalculatorSwiftUI')
    cd /tmp/ui-goal04-20261006-azi78jzc/formal-pilot-preparation/app
    /Applications/Xcode-27.0.0.app/Contents/Developer/usr/bin/actool /tmp/ui-goal04-20261006-azi78jzc/formal-pilot-preparation/app/CalculatorSwiftUI/Preview\ Content/Preview\ Assets.xcassets /tmp/ui-goal04-20261006-azi78jzc/formal-pilot-preparation/app/CalculatorSwiftUI/Assets.xcassets --compile /tmp/ui-goal04-20261006-azi78jzc/formal-pilot-preparation/native/derived/Build/Intermediates.noindex/CalculatorSwiftUI.build/Debug-iphonesimulator/CalculatorSwiftUI.build/assetcatalog_output/thinned --output-format human-readable-text --notices --warnings --export-dependency-info /tmp/ui-goal04-20261006-azi78jzc/formal-pilot-preparation/native/derived/Build/Intermediates.noindex/CalculatorSwiftUI.build/Debug-iphonesimulator/CalculatorSwiftUI.build/assetcatalog_dependencies_thinned --output-partial-info-plist /tmp/ui-goal04-20261006-azi78jzc/formal-pilot-preparation/native/derived/Build/Intermediates.noindex/CalculatorSwiftUI.build/Debug-iphonesimulator/CalculatorSwiftUI.build/assetcatalog_generated_info.plist_thinned --app-icon AppIcon --compress-pngs --enable-on-demand-resources YES --filter-for-thinning-device-configuration iPhone18,1 --filter-for-device-os-version 27.0 --development-region en --target-device iphone --target-device ipad --minimum-deployment-target 15.0 --platform iphonesimulator
/* com.apple.actool.compilation-results */
/tmp/ui-goal04-20261006-azi78jzc/formal-pilot-preparation/native/derived/Build/Intermediates.noindex/CalculatorSwiftUI.build/Debug-iphonesimulator/CalculatorSwiftUI.build/assetcatalog_generated_info.plist_thinned


ProcessInfoPlistFile /tmp/ui-goal04-20261006-azi78jzc/formal-pilot-preparation/native/derived/Build/Products/Debug-iphonesimulator/CalculatorSwiftUI.app/Info.plist /tmp/ui-goal04-20261006-azi78jzc/formal-pilot-preparation/app/CalculatorSwiftUI/Application/Info.plist (in target 'CalculatorSwiftUI' from project 'CalculatorSwiftUI')
    cd /tmp/ui-goal04-20261006-azi78jzc/formal-pilot-preparation/app
    builtin-infoPlistUtility /tmp/ui-goal04-20261006-azi78jzc/formal-pilot-preparation/app/CalculatorSwiftUI/Application/Info.plist -producttype com.apple.product-type.application -genpkginfo /tmp/ui-goal04-20261006-azi78jzc/formal-pilot-preparation/native/derived/Build/Products/Debug-iphonesimulator/CalculatorSwiftUI.app/PkgInfo -expandbuildsettings -format binary -platform iphonesimulator -additionalcontentfile /tmp/ui-goal04-20261006-azi78jzc/formal-pilot-preparation/native/derived/Build/Intermediates.noindex/CalculatorSwiftUI.build/Debug-iphonesimulator/CalculatorSwiftUI.build/Base.lproj/LaunchScreen-SBPartialInfo.plist -additionalcontentfile /tmp/ui-goal04-20261006-azi78jzc/formal-pilot-preparation/native/derived/Build/Intermediates.noindex/CalculatorSwiftUI.build/Debug-iphonesimulator/CalculatorSwiftUI.build/assetcatalog_generated_info.plist -o /tmp/ui-goal04-20261006-azi78jzc/formal-pilot-preparation/native/derived/Build/Products/Debug-iphonesimulator/CalculatorSwiftUI.app/Info.plist

CopySwiftLibs /tmp/ui-goal04-20261006-azi78jzc/formal-pilot-preparation/native/derived/Build/Products/Debug-iphonesimulator/CalculatorSwiftUI.app (in target 'CalculatorSwiftUI' from project 'CalculatorSwiftUI')
    cd /tmp/ui-goal04-20261006-azi78jzc/formal-pilot-preparation/app
    builtin-swiftStdLibTool --copy --verbose --scan-executable /tmp/ui-goal04-20261006-azi78jzc/formal-pilot-preparation/native/derived/Build/Products/Debug-iphonesimulator/CalculatorSwiftUI.app/CalculatorSwiftUI.debug.dylib --scan-folder /tmp/ui-goal04-20261006-azi78jzc/formal-pilot-preparation/native/derived/Build/Products/Debug-iphonesimulator/CalculatorSwiftUI.app/Frameworks --scan-folder /tmp/ui-goal04-20261006-azi78jzc/formal-pilot-preparation/native/derived/Build/Products/Debug-iphonesimulator/CalculatorSwiftUI.app/PlugIns --scan-folder /tmp/ui-goal04-20261006-azi78jzc/formal-pilot-preparation/native/derived/Build/Products/Debug-iphonesimulator/CalculatorSwiftUI.app/SystemExtensions --scan-folder /tmp/ui-goal04-20261006-azi78jzc/formal-pilot-preparation/native/derived/Build/Products/Debug-iphonesimulator/CalculatorSwiftUI.app/Extensions --platform iphonesimulator --toolchain /var/run/com.apple.security.cryptexd/mnt/com.apple.MobileAsset.MetalToolchain-v27.1.266.1.qyTB3S/Metal.xctoolchain --toolchain /Applications/Xcode-27.0.0.app/Contents/Developer/Toolchains/XcodeDefault.xctoolchain --destination /tmp/ui-goal04-20261006-azi78jzc/formal-pilot-preparation/native/derived/Build/Products/Debug-iphonesimulator/CalculatorSwiftUI.app/Frameworks --strip-bitcode --strip-bitcode-tool /Applications/Xcode-27.0.0.app/Contents/Developer/Toolchains/XcodeDefault.xctoolchain/usr/bin/bitcode_strip --emit-dependency-info /tmp/ui-goal04-20261006-azi78jzc/formal-pilot-preparation/native/derived/Build/Intermediates.noindex/CalculatorSwiftUI.build/Debug-iphonesimulator/CalculatorSwiftUI.build/SwiftStdLibToolInputDependencies.dep --filter-for-swift-os
Ignoring --strip-bitcode because --sign was not passed

ProcessInfoPlistFile /tmp/ui-goal04-20261006-azi78jzc/formal-pilot-preparation/native/derived/Build/Products/Debug-iphonesimulator/CalculatorSwiftUI.app/PlugIns/CalculatorTests.xctest/Info.plist /tmp/ui-goal04-20261006-azi78jzc/formal-pilot-preparation/native/derived/Build/Intermediates.noindex/CalculatorSwiftUI.build/Debug-iphonesimulator/CalculatorTests.build/empty-CalculatorTests.plist (in target 'CalculatorTests' from project 'CalculatorSwiftUI')
    cd /tmp/ui-goal04-20261006-azi78jzc/formal-pilot-preparation/app
    builtin-infoPlistUtility /tmp/ui-goal04-20261006-azi78jzc/formal-pilot-preparation/native/derived/Build/Intermediates.noindex/CalculatorSwiftUI.build/Debug-iphonesimulator/CalculatorTests.build/empty-CalculatorTests.plist -producttype com.apple.product-type.bundle.unit-test -expandbuildsettings -format binary -platform iphonesimulator -o /tmp/ui-goal04-20261006-azi78jzc/formal-pilot-preparation/native/derived/Build/Products/Debug-iphonesimulator/CalculatorSwiftUI.app/PlugIns/CalculatorTests.xctest/Info.plist

CopySwiftLibs /tmp/ui-goal04-20261006-azi78jzc/formal-pilot-preparation/native/derived/Build/Products/Debug-iphonesimulator/CalculatorSwiftUI.app/PlugIns/CalculatorTests.xctest (in target 'CalculatorTests' from project 'CalculatorSwiftUI')
    cd /tmp/ui-goal04-20261006-azi78jzc/formal-pilot-preparation/app
    builtin-swiftStdLibTool --copy --verbose --scan-executable /tmp/ui-goal04-20261006-azi78jzc/formal-pilot-preparation/native/derived/Build/Products/Debug-iphonesimulator/CalculatorSwiftUI.app/PlugIns/CalculatorTests.xctest/CalculatorTests --scan-folder /tmp/ui-goal04-20261006-azi78jzc/formal-pilot-preparation/native/derived/Build/Products/Debug-iphonesimulator/CalculatorSwiftUI.app/PlugIns/CalculatorTests.xctest/Frameworks --scan-folder /tmp/ui-goal04-20261006-azi78jzc/formal-pilot-preparation/native/derived/Build/Products/Debug-iphonesimulator/CalculatorSwiftUI.app/PlugIns/CalculatorTests.xctest/PlugIns --scan-folder /tmp/ui-goal04-20261006-azi78jzc/formal-pilot-preparation/native/derived/Build/Products/Debug-iphonesimulator/CalculatorSwiftUI.app/PlugIns/CalculatorTests.xctest/SystemExtensions --scan-folder /tmp/ui-goal04-20261006-azi78jzc/formal-pilot-preparation/native/derived/Build/Products/Debug-iphonesimulator/CalculatorSwiftUI.app/PlugIns/CalculatorTests.xctest/Extensions --platform iphonesimulator --toolchain /var/run/com.apple.security.cryptexd/mnt/com.apple.MobileAsset.MetalToolchain-v27.1.266.1.qyTB3S/Metal.xctoolchain --toolchain /Applications/Xcode-27.0.0.app/Contents/Developer/Toolchains/XcodeDefault.xctoolchain --destination /tmp/ui-goal04-20261006-azi78jzc/formal-pilot-preparation/native/derived/Build/Products/Debug-iphonesimulator/CalculatorSwiftUI.app/PlugIns/CalculatorTests.xctest/Frameworks --strip-bitcode --scan-executable /Applications/Xcode-27.0.0.app/Contents/Developer/Platforms/iPhoneSimulator.platform/Developer/usr/lib/libXCTestSwiftSupport.dylib --strip-bitcode-tool /Applications/Xcode-27.0.0.app/Contents/Developer/Toolchains/XcodeDefault.xctoolchain/usr/bin/bitcode_strip --emit-dependency-info /tmp/ui-goal04-20261006-azi78jzc/formal-pilot-preparation/native/derived/Build/Intermediates.noindex/CalculatorSwiftUI.build/Debug-iphonesimulator/CalculatorTests.build/SwiftStdLibToolInputDependencies.dep --filter-for-swift-os
Ignoring --strip-bitcode because --sign was not passed

Validate /tmp/ui-goal04-20261006-azi78jzc/formal-pilot-preparation/native/derived/Build/Products/Debug-iphonesimulator/CalculatorSwiftUI.app (in target 'CalculatorSwiftUI' from project 'CalculatorSwiftUI')
    cd /tmp/ui-goal04-20261006-azi78jzc/formal-pilot-preparation/app
    builtin-validationUtility /tmp/ui-goal04-20261006-azi78jzc/formal-pilot-preparation/native/derived/Build/Products/Debug-iphonesimulator/CalculatorSwiftUI.app -shallow-bundle -infoplist-subpath Info.plist

ProcessInfoPlistFile /tmp/ui-goal04-20261006-azi78jzc/formal-pilot-preparation/native/derived/Build/Products/Debug-iphonesimulator/CalculatorUITests-Runner.app/PlugIns/CalculatorUITests.xctest/Info.plist /tmp/ui-goal04-20261006-azi78jzc/formal-pilot-preparation/native/derived/Build/Intermediates.noindex/CalculatorSwiftUI.build/Debug-iphonesimulator/CalculatorUITests.build/empty-CalculatorUITests.plist (in target 'CalculatorUITests' from project 'CalculatorSwiftUI')
    cd /tmp/ui-goal04-20261006-azi78jzc/formal-pilot-preparation/app
    builtin-infoPlistUtility /tmp/ui-goal04-20261006-azi78jzc/formal-pilot-preparation/native/derived/Build/Intermediates.noindex/CalculatorSwiftUI.build/Debug-iphonesimulator/CalculatorUITests.build/empty-CalculatorUITests.plist -producttype com.apple.product-type.bundle.ui-testing -expandbuildsettings -format binary -platform iphonesimulator -additionalcontentfile /tmp/ui-goal04-20261006-azi78jzc/formal-pilot-preparation/native/derived/Build/Intermediates.noindex/CalculatorSwiftUI.build/Debug-iphonesimulator/CalculatorUITests.build/ProductTypeInfoPlistAdditions.plist -o /tmp/ui-goal04-20261006-azi78jzc/formal-pilot-preparation/native/derived/Build/Products/Debug-iphonesimulator/CalculatorUITests-Runner.app/PlugIns/CalculatorUITests.xctest/Info.plist

CopySwiftLibs /tmp/ui-goal04-20261006-azi78jzc/formal-pilot-preparation/native/derived/Build/Products/Debug-iphonesimulator/CalculatorUITests-Runner.app/PlugIns/CalculatorUITests.xctest (in target 'CalculatorUITests' from project 'CalculatorSwiftUI')
    cd /tmp/ui-goal04-20261006-azi78jzc/formal-pilot-preparation/app
    builtin-swiftStdLibTool --copy --verbose --scan-executable /tmp/ui-goal04-20261006-azi78jzc/formal-pilot-preparation/native/derived/Build/Products/Debug-iphonesimulator/CalculatorUITests-Runner.app/PlugIns/CalculatorUITests.xctest/CalculatorUITests --scan-folder /tmp/ui-goal04-20261006-azi78jzc/formal-pilot-preparation/native/derived/Build/Products/Debug-iphonesimulator/CalculatorUITests-Runner.app/PlugIns/CalculatorUITests.xctest/Frameworks --scan-folder /tmp/ui-goal04-20261006-azi78jzc/formal-pilot-preparation/native/derived/Build/Products/Debug-iphonesimulator/CalculatorUITests-Runner.app/PlugIns/CalculatorUITests.xctest/PlugIns --scan-folder /tmp/ui-goal04-20261006-azi78jzc/formal-pilot-preparation/native/derived/Build/Products/Debug-iphonesimulator/CalculatorUITests-Runner.app/PlugIns/CalculatorUITests.xctest/SystemExtensions --scan-folder /tmp/ui-goal04-20261006-azi78jzc/formal-pilot-preparation/native/derived/Build/Products/Debug-iphonesimulator/CalculatorUITests-Runner.app/PlugIns/CalculatorUITests.xctest/Extensions --platform iphonesimulator --toolchain /var/run/com.apple.security.cryptexd/mnt/com.apple.MobileAsset.MetalToolchain-v27.1.266.1.qyTB3S/Metal.xctoolchain --toolchain /Applications/Xcode-27.0.0.app/Contents/Developer/Toolchains/XcodeDefault.xctoolchain --destination /tmp/ui-goal04-20261006-azi78jzc/formal-pilot-preparation/native/derived/Build/Products/Debug-iphonesimulator/CalculatorUITests-Runner.app/PlugIns/CalculatorUITests.xctest/Frameworks --strip-bitcode --scan-executable /Applications/Xcode-27.0.0.app/Contents/Developer/Platforms/iPhoneSimulator.platform/Developer/usr/lib/libXCTestSwiftSupport.dylib --strip-bitcode-tool /Applications/Xcode-27.0.0.app/Contents/Developer/Toolchains/XcodeDefault.xctoolchain/usr/bin/bitcode_strip --emit-dependency-info /tmp/ui-goal04-20261006-azi78jzc/formal-pilot-preparation/native/derived/Build/Intermediates.noindex/CalculatorSwiftUI.build/Debug-iphonesimulator/CalculatorUITests.build/SwiftStdLibToolInputDependencies.dep --filter-for-swift-os
Ignoring --strip-bitcode because --sign was not passed

PruneExplicitPrecompiledModules /tmp/ui-goal04-20261006-azi78jzc/formal-pilot-preparation/native/derived/Build/Intermediates.noindex/ExplicitPrecompiledModules

PruneExplicitPrecompiledModules /tmp/ui-goal04-20261006-azi78jzc/formal-pilot-preparation/native/derived/Build/Intermediates.noindex/SwiftExplicitPrecompiledModules

PruneExplicitPrecompiledModules /tmp/ui-goal04-20261006-azi78jzc/formal-pilot-preparation/native/derived/SDKExplicitPrecompiledModules

Test Suite 'All tests' started at 2026-10-08 14:29:07.716.
Test Suite 'CalculatorTests.xctest' started at 2026-10-08 14:29:07.717.
Test Suite 'CalculationRegressionTests' started at 2026-10-08 14:29:07.717.
Test Case '-[CalculatorTests.CalculationRegressionTests testAppendingDigitsPreservesExistingInputBehavior]' started.
The current number is: 2.0
The current number is: 23.0
Test Case '-[CalculatorTests.CalculationRegressionTests testAppendingDigitsPreservesExistingInputBehavior]' passed (0.002 seconds).
Test Case '-[CalculatorTests.CalculationRegressionTests testExistingArithmeticAndNonfiniteResults]' started.
Test Case '-[CalculatorTests.CalculationRegressionTests testExistingArithmeticAndNonfiniteResults]' passed (0.001 seconds).
Test Case '-[CalculatorTests.CalculationRegressionTests testExistingTrigonometricFunctionsUseRadians]' started.
Test Case '-[CalculatorTests.CalculationRegressionTests testExistingTrigonometricFunctionsUseRadians]' passed (0.000 seconds).
Test Suite 'CalculationRegressionTests' passed at 2026-10-08 14:29:07.722.
	 Executed 3 tests, with 0 failures (0 unexpected) in 0.003 (0.005) seconds
Test Suite 'CalculatorTokensTests' started at 2026-10-08 14:29:07.722.
Test Case '-[CalculatorTests.CalculatorTokensTests testApplicationBundleContainsTheFixedApprovedResource]' started.
Test Case '-[CalculatorTests.CalculatorTokensTests testApplicationBundleContainsTheFixedApprovedResource]' passed (0.002 seconds).
Test Case '-[CalculatorTests.CalculatorTokensTests testDecodeUsesSuppliedValuesInsteadOfFixedConstants]' started.
Test Case '-[CalculatorTests.CalculatorTokensTests testDecodeUsesSuppliedValuesInsteadOfFixedConstants]' passed (0.001 seconds).
Test Case '-[CalculatorTests.CalculatorTokensTests testInvalidLayoutUnitsAndOpacityAreRejected]' started.
Test Case '-[CalculatorTests.CalculatorTokensTests testInvalidLayoutUnitsAndOpacityAreRejected]' passed (0.004 seconds).
Test Case '-[CalculatorTests.CalculatorTokensTests testLoadReadsTheApprovedFile]' started.
Test Case '-[CalculatorTests.CalculatorTokensTests testLoadReadsTheApprovedFile]' passed (0.001 seconds).
Test Case '-[CalculatorTests.CalculatorTokensTests testMalformedJSONAndUnknownSemanticColorAreRejected]' started.
Test Case '-[CalculatorTests.CalculatorTokensTests testMalformedJSONAndUnknownSemanticColorAreRejected]' passed (0.001 seconds).
Test Case '-[CalculatorTests.CalculatorTokensTests testMissingRequiredFieldIsRejected]' started.
Test Case '-[CalculatorTests.CalculatorTokensTests testMissingRequiredFieldIsRejected]' passed (0.001 seconds).
Test Case '-[CalculatorTests.CalculatorTokensTests testMissingResourceReportsTheReadFailure]' started.
Test Case '-[CalculatorTests.CalculatorTokensTests testMissingResourceReportsTheReadFailure]' passed (0.001 seconds).
Test Suite 'CalculatorTokensTests' passed at 2026-10-08 14:29:07.736.
	 Executed 7 tests, with 0 failures (0 unexpected) in 0.011 (0.014) seconds
Test Suite 'CalculatorTests.xctest' passed at 2026-10-08 14:29:07.736.
	 Executed 10 tests, with 0 failures (0 unexpected) in 0.014 (0.019) seconds
Test Suite 'All tests' passed at 2026-10-08 14:29:07.736.
	 Executed 10 tests, with 0 failures (0 unexpected) in 0.014 (0.020) seconds
2026-10-08 14:29:09.009216+0800 CalculatorUITests-Runner[95987:12797899] [Default] Running tests...
    t =      nans Interface orientation changed to Portrait
Test Suite 'All tests' started at 2026-10-08 14:29:11.779.
Test Suite 'CalculatorUITests.xctest' started at 2026-10-08 14:29:11.779.
Test Suite 'CalculatorUITests' started at 2026-10-08 14:29:11.780.
Test Case '-[CalculatorUITests.CalculatorUITests testApprovedCasesOnCurrentDevice]' started.
    t =     0.00s Start Test at 2026-10-08 14:29:11.784
    t =     0.12s Set Up
    t =     0.13s Open TAROKH.CalculatorSwiftUI
    t =     0.13s     Launch TAROKH.CalculatorSwiftUI
objc[95987]: Class UIAccessibilityLoaderWebShared is implemented in both /Library/Developer/CoreSimulator/Volumes/iOS_24A434/Library/Developer/CoreSimulator/Profiles/Runtimes/iOS 27.0.simruntime/Contents/Resources/RuntimeRoot/System/Library/AccessibilityBundles/WebKit.axbundle/WebKit (0x10767c398) and /Library/Developer/CoreSimulator/Volumes/iOS_24A434/Library/Developer/CoreSimulator/Profiles/Runtimes/iOS 27.0.simruntime/Contents/Resources/RuntimeRoot/System/Library/AccessibilityBundles/WebCore.axbundle/WebCore (0x107790310). This may cause spurious casting failures and mysterious crashes. One of the duplicates must be removed or renamed.
    t =     0.40s         Setting up automation session
    t =     2.76s         Wait for TAROKH.CalculatorSwiftUI to idle
    t =     4.05s Waiting 5.0s for "display" StaticText to exist
    t =     5.11s     Checking `Expect predicate `existsNoRetry == 1` for object "display" StaticText`
    t =     5.11s         Checking existence of `"display" StaticText`
    t =     5.17s A01
    t =     6.20s     Checking `Expect predicate `label == "0.00"` for object "display" StaticText`
    t =     6.21s         Find the "display" StaticText
    t =     6.23s     Find the "display" StaticText
    t =     6.25s     Find the Window (First Match)
    t =     6.26s     Find the "display" StaticText
    t =     6.27s     Find the Target Application 'TAROKH.CalculatorSwiftUI'
    t =     6.41s     Find the "display" StaticText
CASE A01 PASS display=0.00
    t =     6.42s A02
    t =     6.42s     Waiting 5.0s for "key-2" Any to exist
    t =     7.46s         Checking `Expect predicate `existsNoRetry == 1` for object "key-2" Any`
    t =     7.46s             Checking existence of `"key-2" Any`
    t =     7.49s     Find the "key-2" Any
    t =     7.57s     Tap "key-2" StaticText
    t =     7.57s         Wait for TAROKH.CalculatorSwiftUI to idle
    t =     7.57s         Find the "key-2" StaticText
    t =     7.60s         Check for interrupting elements affecting "key-2" StaticText
    t =     7.62s         Synthesize event
    t =     8.03s         Wait for TAROKH.CalculatorSwiftUI to idle
    t =     8.03s     Waiting 5.0s for "key-3" Any to exist
    t =     9.07s         Checking `Expect predicate `existsNoRetry == 1` for object "key-3" Any`
    t =     9.07s             Checking existence of `"key-3" Any`
    t =     9.10s     Find the "key-3" Any
    t =     9.15s     Tap "key-3" StaticText
    t =     9.15s         Wait for TAROKH.CalculatorSwiftUI to idle
    t =     9.15s         Find the "key-3" StaticText
    t =     9.18s         Check for interrupting elements affecting "key-3" StaticText
    t =     9.21s         Synthesize event
    t =     9.50s         Wait for TAROKH.CalculatorSwiftUI to idle
    t =    10.54s     Checking `Expect predicate `label == "23.00"` for object "display" StaticText`
    t =    10.54s         Find the "display" StaticText
    t =    10.56s     Find the "display" StaticText
    t =    10.58s     Find the Window (First Match)
    t =    10.59s     Find the "display" StaticText
    t =    10.61s     Find the Target Application 'TAROKH.CalculatorSwiftUI'
    t =    10.74s     Find the "display" StaticText
CASE A02 PASS display=23.00
    t =    10.75s A03
    t =    10.76s     Waiting 5.0s for "key-clear" Any to exist
    t =    11.79s         Checking `Expect predicate `existsNoRetry == 1` for object "key-clear" Any`
    t =    11.79s             Checking existence of `"key-clear" Any`
    t =    11.84s     Find the "key-clear" Any
    t =    11.88s     Tap "key-clear" Image
    t =    11.88s         Wait for TAROKH.CalculatorSwiftUI to idle
    t =    11.88s         Find the "key-clear" Image
    t =    11.92s         Check for interrupting elements affecting "key-clear" Image
    t =    11.94s         Synthesize event
    t =    12.24s         Wait for TAROKH.CalculatorSwiftUI to idle
    t =    12.24s     Waiting 5.0s for "key-2" Any to exist
    t =    13.27s         Checking `Expect predicate `existsNoRetry == 1` for object "key-2" Any`
    t =    13.28s             Checking existence of `"key-2" Any`
    t =    13.31s     Find the "key-2" Any
    t =    13.35s     Tap "key-2" StaticText
    t =    13.35s         Wait for TAROKH.CalculatorSwiftUI to idle
    t =    13.36s         Find the "key-2" StaticText
    t =    13.39s         Check for interrupting elements affecting "key-2" StaticText
    t =    13.41s         Synthesize event
    t =    13.71s         Wait for TAROKH.CalculatorSwiftUI to idle
    t =    13.71s     Waiting 5.0s for "key-plus" Any to exist
    t =    14.74s         Checking `Expect predicate `existsNoRetry == 1` for object "key-plus" Any`
    t =    14.74s             Checking existence of `"key-plus" Any`
    t =    14.77s     Find the "key-plus" Any
    t =    14.80s     Tap "key-plus" Image
    t =    14.80s         Wait for TAROKH.CalculatorSwiftUI to idle
    t =    14.81s         Find the "key-plus" Image
    t =    14.83s         Check for interrupting elements affecting "key-plus" Image
    t =    14.86s         Synthesize event
    t =    15.15s         Wait for TAROKH.CalculatorSwiftUI to idle
    t =    15.16s     Waiting 5.0s for "key-3" Any to exist
    t =    16.19s         Checking `Expect predicate `existsNoRetry == 1` for object "key-3" Any`
    t =    16.19s             Checking existence of `"key-3" Any`
    t =    16.24s     Find the "key-3" Any
    t =    16.28s     Tap "key-3" StaticText
    t =    16.28s         Wait for TAROKH.CalculatorSwiftUI to idle
    t =    16.28s         Find the "key-3" StaticText
    t =    16.31s         Check for interrupting elements affecting "key-3" StaticText
    t =    16.33s         Synthesize event
    t =    16.63s         Wait for TAROKH.CalculatorSwiftUI to idle
    t =    16.64s     Waiting 5.0s for "key-equal" Any to exist
    t =    17.67s         Checking `Expect predicate `existsNoRetry == 1` for object "key-equal" Any`
    t =    17.67s             Checking existence of `"key-equal" Any`
    t =    17.72s     Find the "key-equal" Any
    t =    17.77s     Tap "key-equal" Image
    t =    17.77s         Wait for TAROKH.CalculatorSwiftUI to idle
    t =    17.77s         Find the "key-equal" Image
    t =    17.81s         Check for interrupting elements affecting "key-equal" Image
    t =    17.83s         Synthesize event
    t =    18.13s         Wait for TAROKH.CalculatorSwiftUI to idle
    t =    19.17s     Checking `Expect predicate `label == "5.00"` for object "display" StaticText`
    t =    19.17s         Find the "display" StaticText
    t =    19.20s     Find the "display" StaticText
    t =    19.21s     Find the Window (First Match)
    t =    19.22s     Find the "display" StaticText
    t =    19.24s     Find the Target Application 'TAROKH.CalculatorSwiftUI'
    t =    19.38s     Find the "display" StaticText
CASE A03 PASS display=5.00
    t =    19.39s A04
    t =    19.39s     Waiting 5.0s for "key-clear" Any to exist
    t =    20.43s         Checking `Expect predicate `existsNoRetry == 1` for object "key-clear" Any`
    t =    20.43s             Checking existence of `"key-clear" Any`
    t =    20.49s     Find the "key-clear" Any
    t =    20.53s     Tap "key-clear" Image
    t =    20.53s         Wait for TAROKH.CalculatorSwiftUI to idle
    t =    20.53s         Find the "key-clear" Image
    t =    20.56s         Check for interrupting elements affecting "key-clear" Image
    t =    20.59s         Synthesize event
    t =    20.88s         Wait for TAROKH.CalculatorSwiftUI to idle
    t =    20.88s     Waiting 5.0s for "key-2" Any to exist
    t =    21.91s         Checking `Expect predicate `existsNoRetry == 1` for object "key-2" Any`
    t =    21.91s             Checking existence of `"key-2" Any`
    t =    21.94s     Find the "key-2" Any
    t =    21.98s     Tap "key-2" StaticText
    t =    21.98s         Wait for TAROKH.CalculatorSwiftUI to idle
    t =    21.98s         Find the "key-2" StaticText
    t =    22.01s         Check for interrupting elements affecting "key-2" StaticText
    t =    22.03s         Synthesize event
    t =    22.33s         Wait for TAROKH.CalculatorSwiftUI to idle
    t =    22.33s     Waiting 5.0s for "key-minus" Any to exist
    t =    23.37s         Checking `Expect predicate `existsNoRetry == 1` for object "key-minus" Any`
    t =    23.37s             Checking existence of `"key-minus" Any`
    t =    23.40s     Find the "key-minus" Any
    t =    23.45s     Tap "key-minus" Image
    t =    23.45s         Wait for TAROKH.CalculatorSwiftUI to idle
    t =    23.45s         Find the "key-minus" Image
    t =    23.48s         Check for interrupting elements affecting "key-minus" Image
    t =    23.51s         Synthesize event
    t =    23.80s         Wait for TAROKH.CalculatorSwiftUI to idle
    t =    23.80s     Waiting 5.0s for "key-3" Any to exist
    t =    24.84s         Checking `Expect predicate `existsNoRetry == 1` for object "key-3" Any`
    t =    24.84s             Checking existence of `"key-3" Any`
    t =    24.87s     Find the "key-3" Any
    t =    24.92s     Tap "key-3" StaticText
    t =    24.92s         Wait for TAROKH.CalculatorSwiftUI to idle
    t =    24.92s         Find the "key-3" StaticText
    t =    24.95s         Check for interrupting elements affecting "key-3" StaticText
    t =    24.98s         Synthesize event
    t =    25.27s         Wait for TAROKH.CalculatorSwiftUI to idle
    t =    25.28s     Waiting 5.0s for "key-equal" Any to exist
    t =    26.30s         Checking `Expect predicate `existsNoRetry == 1` for object "key-equal" Any`
    t =    26.31s             Checking existence of `"key-equal" Any`
    t =    26.35s     Find the "key-equal" Any
    t =    26.39s     Tap "key-equal" Image
    t =    26.39s         Wait for TAROKH.CalculatorSwiftUI to idle
    t =    26.40s         Find the "key-equal" Image
    t =    26.43s         Check for interrupting elements affecting "key-equal" Image
    t =    26.45s         Synthesize event
    t =    26.75s         Wait for TAROKH.CalculatorSwiftUI to idle
    t =    27.78s     Checking `Expect predicate `label == "-1.00"` for object "display" StaticText`
    t =    27.78s         Find the "display" StaticText
    t =    27.80s     Find the "display" StaticText
    t =    27.82s     Find the Window (First Match)
    t =    27.83s     Find the "display" StaticText
    t =    27.84s     Find the Target Application 'TAROKH.CalculatorSwiftUI'
    t =    27.98s     Find the "display" StaticText
CASE A04 PASS display=-1.00
    t =    27.99s A05
    t =    27.99s     Waiting 5.0s for "key-clear" Any to exist
    t =    29.03s         Checking `Expect predicate `existsNoRetry == 1` for object "key-clear" Any`
    t =    29.03s             Checking existence of `"key-clear" Any`
    t =    29.07s     Find the "key-clear" Any
    t =    29.11s     Tap "key-clear" Image
    t =    29.11s         Wait for TAROKH.CalculatorSwiftUI to idle
    t =    29.12s         Find the "key-clear" Image
    t =    29.15s         Check for interrupting elements affecting "key-clear" Image
    t =    29.17s         Synthesize event
    t =    29.47s         Wait for TAROKH.CalculatorSwiftUI to idle
    t =    29.47s     Waiting 5.0s for "key-2" Any to exist
    t =    30.50s         Checking `Expect predicate `existsNoRetry == 1` for object "key-2" Any`
    t =    30.50s             Checking existence of `"key-2" Any`
    t =    30.53s     Find the "key-2" Any
    t =    30.58s     Tap "key-2" StaticText
    t =    30.58s         Wait for TAROKH.CalculatorSwiftUI to idle
    t =    30.59s         Find the "key-2" StaticText
    t =    30.62s         Check for interrupting elements affecting "key-2" StaticText
    t =    30.64s         Synthesize event
    t =    30.94s         Wait for TAROKH.CalculatorSwiftUI to idle
    t =    30.94s     Waiting 5.0s for "key-multiply" Any to exist
    t =    32.00s         Checking `Expect predicate `existsNoRetry == 1` for object "key-multiply" Any`
    t =    32.00s             Checking existence of `"key-multiply" Any`
    t =    32.02s     Find the "key-multiply" Any
    t =    32.05s     Tap "key-multiply" Image
    t =    32.05s         Wait for TAROKH.CalculatorSwiftUI to idle
    t =    32.06s         Find the "key-multiply" Image
    t =    32.07s         Check for interrupting elements affecting "key-multiply" Image
    t =    32.10s         Synthesize event
    t =    32.40s         Wait for TAROKH.CalculatorSwiftUI to idle
    t =    32.40s     Waiting 5.0s for "key-3" Any to exist
    t =    33.44s         Checking `Expect predicate `existsNoRetry == 1` for object "key-3" Any`
    t =    33.44s             Checking existence of `"key-3" Any`
    t =    33.47s     Find the "key-3" Any
    t =    33.51s     Tap "key-3" StaticText
    t =    33.51s         Wait for TAROKH.CalculatorSwiftUI to idle
    t =    33.52s         Find the "key-3" StaticText
    t =    33.55s         Check for interrupting elements affecting "key-3" StaticText
    t =    33.57s         Synthesize event
    t =    33.87s         Wait for TAROKH.CalculatorSwiftUI to idle
    t =    33.87s     Waiting 5.0s for "key-equal" Any to exist
    t =    34.90s         Checking `Expect predicate `existsNoRetry == 1` for object "key-equal" Any`
    t =    34.91s             Checking existence of `"key-equal" Any`
    t =    34.95s     Find the "key-equal" Any
    t =    34.99s     Tap "key-equal" Image
    t =    34.99s         Wait for TAROKH.CalculatorSwiftUI to idle
    t =    35.00s         Find the "key-equal" Image
    t =    35.04s         Check for interrupting elements affecting "key-equal" Image
    t =    35.06s         Synthesize event
    t =    35.36s         Wait for TAROKH.CalculatorSwiftUI to idle
    t =    36.40s     Checking `Expect predicate `label == "6.00"` for object "display" StaticText`
    t =    36.40s         Find the "display" StaticText
    t =    36.42s     Find the "display" StaticText
    t =    36.43s     Find the Window (First Match)
    t =    36.44s     Find the "display" StaticText
    t =    36.46s     Find the Target Application 'TAROKH.CalculatorSwiftUI'
    t =    36.59s     Find the "display" StaticText
CASE A05 PASS display=6.00
    t =    36.61s A06
    t =    36.61s     Waiting 5.0s for "key-clear" Any to exist
    t =    37.64s         Checking `Expect predicate `existsNoRetry == 1` for object "key-clear" Any`
    t =    37.64s             Checking existence of `"key-clear" Any`
    t =    37.68s     Find the "key-clear" Any
    t =    37.74s     Tap "key-clear" Image
    t =    37.74s         Wait for TAROKH.CalculatorSwiftUI to idle
    t =    37.74s         Find the "key-clear" Image
    t =    37.77s         Check for interrupting elements affecting "key-clear" Image
    t =    37.80s         Synthesize event
    t =    38.10s         Wait for TAROKH.CalculatorSwiftUI to idle
    t =    38.10s     Waiting 5.0s for "key-8" Any to exist
    t =    39.13s         Checking `Expect predicate `existsNoRetry == 1` for object "key-8" Any`
    t =    39.13s             Checking existence of `"key-8" Any`
    t =    39.15s     Find the "key-8" Any
    t =    39.18s     Tap "key-8" StaticText
    t =    39.18s         Wait for TAROKH.CalculatorSwiftUI to idle
    t =    39.18s         Find the "key-8" StaticText
    t =    39.20s         Check for interrupting elements affecting "key-8" StaticText
    t =    39.23s         Synthesize event
    t =    39.53s         Wait for TAROKH.CalculatorSwiftUI to idle
    t =    39.53s     Waiting 5.0s for "key-divide" Any to exist
    t =    40.56s         Checking `Expect predicate `existsNoRetry == 1` for object "key-divide" Any`
    t =    40.56s             Checking existence of `"key-divide" Any`
    t =    40.59s     Find the "key-divide" Any
    t =    40.62s     Tap "key-divide" Image
    t =    40.62s         Wait for TAROKH.CalculatorSwiftUI to idle
    t =    40.63s         Find the "key-divide" Image
    t =    40.65s         Check for interrupting elements affecting "key-divide" Image
    t =    40.67s         Synthesize event
    t =    40.97s         Wait for TAROKH.CalculatorSwiftUI to idle
    t =    40.97s     Waiting 5.0s for "key-2" Any to exist
    t =    42.00s         Checking `Expect predicate `existsNoRetry == 1` for object "key-2" Any`
    t =    42.00s             Checking existence of `"key-2" Any`
    t =    42.04s     Find the "key-2" Any
    t =    42.08s     Tap "key-2" StaticText
    t =    42.08s         Wait for TAROKH.CalculatorSwiftUI to idle
    t =    42.08s         Find the "key-2" StaticText
    t =    42.11s         Check for interrupting elements affecting "key-2" StaticText
    t =    42.14s         Synthesize event
    t =    42.44s         Wait for TAROKH.CalculatorSwiftUI to idle
    t =    42.44s     Waiting 5.0s for "key-equal" Any to exist
    t =    43.46s         Checking `Expect predicate `existsNoRetry == 1` for object "key-equal" Any`
    t =    43.46s             Checking existence of `"key-equal" Any`
    t =    43.51s     Find the "key-equal" Any
    t =    43.56s     Tap "key-equal" Image
    t =    43.56s         Wait for TAROKH.CalculatorSwiftUI to idle
    t =    43.57s         Find the "key-equal" Image
    t =    43.63s         Check for interrupting elements affecting "key-equal" Image
    t =    43.66s         Synthesize event
    t =    43.96s         Wait for TAROKH.CalculatorSwiftUI to idle
    t =    45.00s     Checking `Expect predicate `label == "4.00"` for object "display" StaticText`
    t =    45.00s         Find the "display" StaticText
    t =    45.02s     Find the "display" StaticText
    t =    45.03s     Find the Window (First Match)
    t =    45.04s     Find the "display" StaticText
    t =    45.06s     Find the Target Application 'TAROKH.CalculatorSwiftUI'
    t =    45.20s     Find the "display" StaticText
CASE A06 PASS display=4.00
    t =    45.22s A07
    t =    45.22s     Waiting 5.0s for "key-clear" Any to exist
    t =    46.25s         Checking `Expect predicate `existsNoRetry == 1` for object "key-clear" Any`
    t =    46.25s             Checking existence of `"key-clear" Any`
    t =    46.28s     Find the "key-clear" Any
    t =    46.32s     Tap "key-clear" Image
    t =    46.32s         Wait for TAROKH.CalculatorSwiftUI to idle
    t =    46.33s         Find the "key-clear" Image
    t =    46.36s         Check for interrupting elements affecting "key-clear" Image
    t =    46.38s         Synthesize event
    t =    46.68s         Wait for TAROKH.CalculatorSwiftUI to idle
    t =    47.72s     Checking `Expect predicate `label == "0.00"` for object "display" StaticText`
    t =    47.72s         Find the "display" StaticText
    t =    47.74s     Find the "display" StaticText
    t =    47.76s     Find the Window (First Match)
    t =    47.77s     Find the "display" StaticText
    t =    47.78s     Find the Target Application 'TAROKH.CalculatorSwiftUI'
    t =    47.91s     Find the "display" StaticText
CASE A07 PASS display=0.00
    t =    47.93s A08
    t =    47.93s     Waiting 5.0s for "key-clear" Any to exist
    t =    48.95s         Checking `Expect predicate `existsNoRetry == 1` for object "key-clear" Any`
    t =    48.95s             Checking existence of `"key-clear" Any`
    t =    48.99s     Find the "key-clear" Any
    t =    49.04s     Tap "key-clear" Image
    t =    49.04s         Wait for TAROKH.CalculatorSwiftUI to idle
    t =    49.04s         Find the "key-clear" Image
    t =    49.08s         Check for interrupting elements affecting "key-clear" Image
    t =    49.10s         Synthesize event
    t =    49.39s         Wait for TAROKH.CalculatorSwiftUI to idle
    t =    49.40s     Waiting 5.0s for "key-1" Any to exist
    t =    50.42s         Checking `Expect predicate `existsNoRetry == 1` for object "key-1" Any`
    t =    50.42s             Checking existence of `"key-1" Any`
    t =    50.46s     Find the "key-1" Any
    t =    50.50s     Tap "key-1" StaticText
    t =    50.50s         Wait for TAROKH.CalculatorSwiftUI to idle
    t =    50.51s         Find the "key-1" StaticText
    t =    50.55s         Check for interrupting elements affecting "key-1" StaticText
    t =    50.58s         Synthesize event
    t =    50.87s         Wait for TAROKH.CalculatorSwiftUI to idle
    t =    50.88s     Waiting 5.0s for "key-2" Any to exist
    t =    51.96s         Checking `Expect predicate `existsNoRetry == 1` for object "key-2" Any`
    t =    51.96s             Checking existence of `"key-2" Any`
    t =    51.99s     Find the "key-2" Any
    t =    52.04s     Tap "key-2" StaticText
    t =    52.04s         Wait for TAROKH.CalculatorSwiftUI to idle
    t =    52.04s         Find the "key-2" StaticText
    t =    52.08s         Check for interrupting elements affecting "key-2" StaticText
    t =    52.10s         Synthesize event
    t =    52.41s         Wait for TAROKH.CalculatorSwiftUI to idle
    t =    52.41s     Waiting 5.0s for "key-3" Any to exist
    t =    53.43s         Checking `Expect predicate `existsNoRetry == 1` for object "key-3" Any`
    t =    53.43s             Checking existence of `"key-3" Any`
    t =    53.47s     Find the "key-3" Any
    t =    53.52s     Tap "key-3" StaticText
    t =    53.52s         Wait for TAROKH.CalculatorSwiftUI to idle
    t =    53.52s         Find the "key-3" StaticText
    t =    53.55s         Check for interrupting elements affecting "key-3" StaticText
    t =    53.58s         Synthesize event
    t =    53.87s         Wait for TAROKH.CalculatorSwiftUI to idle
    t =    53.88s     Waiting 5.0s for "key-4" Any to exist
    t =    54.90s         Checking `Expect predicate `existsNoRetry == 1` for object "key-4" Any`
    t =    54.91s             Checking existence of `"key-4" Any`
    t =    54.93s     Find the "key-4" Any
    t =    54.96s     Tap "key-4" StaticText
    t =    54.96s         Wait for TAROKH.CalculatorSwiftUI to idle
    t =    54.97s         Find the "key-4" StaticText
    t =    54.99s         Check for interrupting elements affecting "key-4" StaticText
    t =    55.01s         Synthesize event
    t =    55.31s         Wait for TAROKH.CalculatorSwiftUI to idle
    t =    55.31s     Waiting 5.0s for "key-5" Any to exist
    t =    56.33s         Checking `Expect predicate `existsNoRetry == 1` for object "key-5" Any`
    t =    56.33s             Checking existence of `"key-5" Any`
    t =    56.48s     Find the "key-5" Any
    t =    56.52s     Tap "key-5" StaticText
    t =    56.52s         Wait for TAROKH.CalculatorSwiftUI to idle
    t =    56.53s         Find the "key-5" StaticText
    t =    56.56s         Check for interrupting elements affecting "key-5" StaticText
    t =    56.60s         Synthesize event
    t =    56.90s         Wait for TAROKH.CalculatorSwiftUI to idle
    t =    56.91s     Waiting 5.0s for "key-6" Any to exist
    t =    57.93s         Checking `Expect predicate `existsNoRetry == 1` for object "key-6" Any`
    t =    57.93s             Checking existence of `"key-6" Any`
    t =    57.98s     Find the "key-6" Any
    t =    58.03s     Tap "key-6" StaticText
    t =    58.03s         Wait for TAROKH.CalculatorSwiftUI to idle
    t =    58.03s         Find the "key-6" StaticText
    t =    58.07s         Check for interrupting elements affecting "key-6" StaticText
    t =    58.10s         Synthesize event
    t =    58.41s         Wait for TAROKH.CalculatorSwiftUI to idle
    t =    58.41s     Waiting 5.0s for "key-7" Any to exist
    t =    59.43s         Checking `Expect predicate `existsNoRetry == 1` for object "key-7" Any`
    t =    59.43s             Checking existence of `"key-7" Any`
    t =    59.46s     Find the "key-7" Any
    t =    59.49s     Tap "key-7" StaticText
    t =    59.49s         Wait for TAROKH.CalculatorSwiftUI to idle
    t =    59.50s         Find the "key-7" StaticText
    t =    59.52s         Check for interrupting elements affecting "key-7" StaticText
    t =    59.54s         Synthesize event
    t =    59.84s         Wait for TAROKH.CalculatorSwiftUI to idle
    t =    59.84s     Waiting 5.0s for "key-8" Any to exist
    t =    60.86s         Checking `Expect predicate `existsNoRetry == 1` for object "key-8" Any`
    t =    60.86s             Checking existence of `"key-8" Any`
    t =    60.88s     Find the "key-8" Any
    t =    60.91s     Tap "key-8" StaticText
    t =    60.91s         Wait for TAROKH.CalculatorSwiftUI to idle
    t =    60.91s         Find the "key-8" StaticText
    t =    60.93s         Check for interrupting elements affecting "key-8" StaticText
    t =    60.96s         Synthesize event
    t =    61.25s         Wait for TAROKH.CalculatorSwiftUI to idle
    t =    61.25s     Waiting 5.0s for "key-9" Any to exist
    t =    62.28s         Checking `Expect predicate `existsNoRetry == 1` for object "key-9" Any`
    t =    62.28s             Checking existence of `"key-9" Any`
    t =    62.31s     Find the "key-9" Any
    t =    62.34s     Tap "key-9" StaticText
    t =    62.34s         Wait for TAROKH.CalculatorSwiftUI to idle
    t =    62.34s         Find the "key-9" StaticText
    t =    62.36s         Check for interrupting elements affecting "key-9" StaticText
    t =    62.39s         Synthesize event
    t =    62.69s         Wait for TAROKH.CalculatorSwiftUI to idle
    t =    62.69s     Waiting 5.0s for "key-0" Any to exist
    t =    63.71s         Checking `Expect predicate `existsNoRetry == 1` for object "key-0" Any`
    t =    63.71s             Checking existence of `"key-0" Any`
    t =    63.75s     Find the "key-0" Any
    t =    63.79s     Tap "key-0" StaticText
    t =    63.79s         Wait for TAROKH.CalculatorSwiftUI to idle
    t =    63.80s         Find the "key-0" StaticText
    t =    63.83s         Check for interrupting elements affecting "key-0" StaticText
    t =    63.86s         Synthesize event
    t =    64.15s         Wait for TAROKH.CalculatorSwiftUI to idle
    t =    65.20s     Checking `Expect predicate `label == "1234567890.00"` for object "display" StaticText`
    t =    65.20s         Find the "display" StaticText
    t =    65.22s     Find the "display" StaticText
    t =    65.23s     Find the Window (First Match)
    t =    65.25s     Find the "display" StaticText
    t =    65.27s     Find the Target Application 'TAROKH.CalculatorSwiftUI'
    t =    65.41s     Find the "display" StaticText
CASE A08 PASS display=1234567890.00
    t =    65.42s A09
    t =    65.42s     Waiting 5.0s for "key-clear" Any to exist
    t =    66.46s         Checking `Expect predicate `existsNoRetry == 1` for object "key-clear" Any`
    t =    66.46s             Checking existence of `"key-clear" Any`
    t =    66.50s     Find the "key-clear" Any
    t =    66.55s     Tap "key-clear" Image
    t =    66.55s         Wait for TAROKH.CalculatorSwiftUI to idle
    t =    66.55s         Find the "key-clear" Image
    t =    66.58s         Check for interrupting elements affecting "key-clear" Image
    t =    66.61s         Synthesize event
    t =    66.90s         Wait for TAROKH.CalculatorSwiftUI to idle
    t =    66.90s     Waiting 5.0s for "key-1" Any to exist
    t =    67.93s         Checking `Expect predicate `existsNoRetry == 1` for object "key-1" Any`
    t =    67.93s             Checking existence of `"key-1" Any`
    t =    67.97s     Find the "key-1" Any
    t =    68.01s     Tap "key-1" StaticText
    t =    68.01s         Wait for TAROKH.CalculatorSwiftUI to idle
    t =    68.01s         Find the "key-1" StaticText
    t =    68.04s         Check for interrupting elements affecting "key-1" StaticText
    t =    68.07s         Synthesize event
    t =    68.37s         Wait for TAROKH.CalculatorSwiftUI to idle
    t =    68.38s     Waiting 5.0s for "key-divide" Any to exist
    t =    69.41s         Checking `Expect predicate `existsNoRetry == 1` for object "key-divide" Any`
    t =    69.41s             Checking existence of `"key-divide" Any`
    t =    69.44s     Find the "key-divide" Any
    t =    69.47s     Tap "key-divide" Image
    t =    69.47s         Wait for TAROKH.CalculatorSwiftUI to idle
    t =    69.48s         Find the "key-divide" Image
    t =    69.50s         Check for interrupting elements affecting "key-divide" Image
    t =    69.53s         Synthesize event
    t =    69.82s         Wait for TAROKH.CalculatorSwiftUI to idle
    t =    69.83s     Waiting 5.0s for "key-0" Any to exist
    t =    70.85s         Checking `Expect predicate `existsNoRetry == 1` for object "key-0" Any`
    t =    70.85s             Checking existence of `"key-0" Any`
    t =    70.89s     Find the "key-0" Any
    t =    70.94s     Tap "key-0" StaticText
    t =    70.94s         Wait for TAROKH.CalculatorSwiftUI to idle
    t =    70.94s         Find the "key-0" StaticText
    t =    70.98s         Check for interrupting elements affecting "key-0" StaticText
    t =    71.00s         Synthesize event
    t =    71.30s         Wait for TAROKH.CalculatorSwiftUI to idle
    t =    71.30s     Waiting 5.0s for "key-equal" Any to exist
    t =    72.32s         Checking `Expect predicate `existsNoRetry == 1` for object "key-equal" Any`
    t =    72.32s             Checking existence of `"key-equal" Any`
    t =    72.36s     Find the "key-equal" Any
    t =    72.42s     Tap "key-equal" Image
    t =    72.42s         Wait for TAROKH.CalculatorSwiftUI to idle
    t =    72.42s         Find the "key-equal" Image
    t =    72.46s         Check for interrupting elements affecting "key-equal" Image
    t =    72.49s         Synthesize event
    t =    72.78s         Wait for TAROKH.CalculatorSwiftUI to idle
    t =    73.81s     Checking `Expect predicate `label == "inf"` for object "display" StaticText`
    t =    73.81s         Find the "display" StaticText
    t =    73.83s     Find the "display" StaticText
    t =    73.85s     Find the Window (First Match)
    t =    73.85s     Find the "display" StaticText
    t =    73.87s     Find the Target Application 'TAROKH.CalculatorSwiftUI'
    t =    74.00s     Find the "display" StaticText
CASE A09 PASS display=inf
    t =    74.02s A10
    t =    74.02s     Waiting 5.0s for "key-clear" Any to exist
    t =    75.04s         Checking `Expect predicate `existsNoRetry == 1` for object "key-clear" Any`
    t =    75.04s             Checking existence of `"key-clear" Any`
    t =    75.08s     Find the "key-clear" Any
    t =    75.12s     Tap "key-clear" Image
    t =    75.12s         Wait for TAROKH.CalculatorSwiftUI to idle
    t =    75.13s         Find the "key-clear" Image
    t =    75.16s         Check for interrupting elements affecting "key-clear" Image
    t =    75.18s         Synthesize event
    t =    75.48s         Wait for TAROKH.CalculatorSwiftUI to idle
    t =    75.49s     Waiting 5.0s for "key-0" Any to exist
    t =    76.52s         Checking `Expect predicate `existsNoRetry == 1` for object "key-0" Any`
    t =    76.52s             Checking existence of `"key-0" Any`
    t =    76.56s     Find the "key-0" Any
    t =    76.61s     Tap "key-0" StaticText
    t =    76.61s         Wait for TAROKH.CalculatorSwiftUI to idle
    t =    76.61s         Find the "key-0" StaticText
    t =    76.65s         Check for interrupting elements affecting "key-0" StaticText
    t =    76.67s         Synthesize event
    t =    76.96s         Wait for TAROKH.CalculatorSwiftUI to idle
    t =    76.97s     Waiting 5.0s for "key-divide" Any to exist
    t =    78.00s         Checking `Expect predicate `existsNoRetry == 1` for object "key-divide" Any`
    t =    78.00s             Checking existence of `"key-divide" Any`
    t =    78.02s     Find the "key-divide" Any
    t =    78.05s     Tap "key-divide" Image
    t =    78.05s         Wait for TAROKH.CalculatorSwiftUI to idle
    t =    78.06s         Find the "key-divide" Image
    t =    78.08s         Check for interrupting elements affecting "key-divide" Image
    t =    78.10s         Synthesize event
    t =    78.39s         Wait for TAROKH.CalculatorSwiftUI to idle
    t =    78.39s     Waiting 5.0s for "key-0" Any to exist
    t =    79.42s         Checking `Expect predicate `existsNoRetry == 1` for object "key-0" Any`
    t =    79.42s             Checking existence of `"key-0" Any`
    t =    79.45s     Find the "key-0" Any
    t =    79.50s     Tap "key-0" StaticText
    t =    79.50s         Wait for TAROKH.CalculatorSwiftUI to idle
    t =    79.51s         Find the "key-0" StaticText
    t =    79.54s         Check for interrupting elements affecting "key-0" StaticText
    t =    79.57s         Synthesize event
    t =    79.86s         Wait for TAROKH.CalculatorSwiftUI to idle
    t =    79.86s     Waiting 5.0s for "key-equal" Any to exist
    t =    80.88s         Checking `Expect predicate `existsNoRetry == 1` for object "key-equal" Any`
    t =    80.88s             Checking existence of `"key-equal" Any`
    t =    80.94s     Find the "key-equal" Any
    t =    80.98s     Tap "key-equal" Image
    t =    80.98s         Wait for TAROKH.CalculatorSwiftUI to idle
    t =    80.99s         Find the "key-equal" Image
    t =    81.03s         Check for interrupting elements affecting "key-equal" Image
    t =    81.05s         Synthesize event
    t =    81.34s         Wait for TAROKH.CalculatorSwiftUI to idle
    t =    82.36s     Checking `Expect predicate `label == "nan"` for object "display" StaticText`
    t =    82.37s         Find the "display" StaticText
    t =    82.39s     Find the "display" StaticText
    t =    82.40s     Find the Window (First Match)
    t =    82.41s     Find the "display" StaticText
    t =    82.42s     Find the Target Application 'TAROKH.CalculatorSwiftUI'
    t =    82.55s     Find the "display" StaticText
CASE A10 PASS display=nan
    t =    82.56s A11
    t =    82.56s     Waiting 5.0s for "key-clear" Any to exist
    t =    83.58s         Checking `Expect predicate `existsNoRetry == 1` for object "key-clear" Any`
    t =    83.58s             Checking existence of `"key-clear" Any`
    t =    83.64s     Find the "key-clear" Any
    t =    83.68s     Tap "key-clear" Image
    t =    83.68s         Wait for TAROKH.CalculatorSwiftUI to idle
    t =    83.69s         Find the "key-clear" Image
    t =    83.72s         Check for interrupting elements affecting "key-clear" Image
    t =    83.74s         Synthesize event
    t =    84.04s         Wait for TAROKH.CalculatorSwiftUI to idle
    t =    84.05s     Waiting 5.0s for "key-sin" Any to exist
    t =    85.06s         Checking `Expect predicate `existsNoRetry == 1` for object "key-sin" Any`
    t =    85.06s             Checking existence of `"key-sin" Any`
    t =    85.08s     Find the "key-sin" Any
    t =    85.10s     Tap "key-sin" StaticText
    t =    85.10s         Wait for TAROKH.CalculatorSwiftUI to idle
    t =    85.11s         Find the "key-sin" StaticText
    t =    85.12s         Check for interrupting elements affecting "key-sin" StaticText
    t =    85.14s         Synthesize event
    t =    85.44s         Wait for TAROKH.CalculatorSwiftUI to idle
    t =    86.47s     Checking `Expect predicate `label == "0.00"` for object "display" StaticText`
    t =    86.47s         Find the "display" StaticText
    t =    86.50s     Find the "display" StaticText
    t =    86.51s     Find the Window (First Match)
    t =    86.53s     Find the "display" StaticText
    t =    86.54s     Find the Target Application 'TAROKH.CalculatorSwiftUI'
    t =    86.68s     Find the "display" StaticText
CASE A11 PASS display=0.00
    t =    86.69s A12
    t =    86.69s     Waiting 5.0s for "key-clear" Any to exist
    t =    87.71s         Checking `Expect predicate `existsNoRetry == 1` for object "key-clear" Any`
    t =    87.71s             Checking existence of `"key-clear" Any`
    t =    87.75s     Find the "key-clear" Any
    t =    87.80s     Tap "key-clear" Image
    t =    87.80s         Wait for TAROKH.CalculatorSwiftUI to idle
    t =    87.80s         Find the "key-clear" Image
    t =    87.84s         Check for interrupting elements affecting "key-clear" Image
    t =    87.86s         Synthesize event
    t =    88.16s         Wait for TAROKH.CalculatorSwiftUI to idle
    t =    88.17s     Waiting 5.0s for "key-cos" Any to exist
    t =    89.18s         Checking `Expect predicate `existsNoRetry == 1` for object "key-cos" Any`
    t =    89.18s             Checking existence of `"key-cos" Any`
    t =    89.20s     Find the "key-cos" Any
    t =    89.22s     Tap "key-cos" StaticText
    t =    89.22s         Wait for TAROKH.CalculatorSwiftUI to idle
    t =    89.23s         Find the "key-cos" StaticText
    t =    89.24s         Check for interrupting elements affecting "key-cos" StaticText
    t =    89.26s         Synthesize event
    t =    89.56s         Wait for TAROKH.CalculatorSwiftUI to idle
    t =    90.60s     Checking `Expect predicate `label == "1.00"` for object "display" StaticText`
    t =    90.60s         Find the "display" StaticText
    t =    90.61s     Find the "display" StaticText
    t =    90.63s     Find the Window (First Match)
    t =    90.64s     Find the "display" StaticText
    t =    90.65s     Find the Target Application 'TAROKH.CalculatorSwiftUI'
    t =    90.78s     Find the "display" StaticText
CASE A12 PASS display=1.00
    t =    90.79s A13
    t =    90.79s     Waiting 5.0s for "key-clear" Any to exist
    t =    91.81s         Checking `Expect predicate `existsNoRetry == 1` for object "key-clear" Any`
    t =    91.81s             Checking existence of `"key-clear" Any`
    t =    91.84s     Find the "key-clear" Any
    t =    91.88s     Tap "key-clear" Image
    t =    91.88s         Wait for TAROKH.CalculatorSwiftUI to idle
    t =    91.89s         Find the "key-clear" Image
    t =    91.92s         Check for interrupting elements affecting "key-clear" Image
    t =    91.95s         Synthesize event
    t =    92.24s         Wait for TAROKH.CalculatorSwiftUI to idle
    t =    92.25s     Waiting 5.0s for "key-tan" Any to exist
    t =    93.26s         Checking `Expect predicate `existsNoRetry == 1` for object "key-tan" Any`
    t =    93.26s             Checking existence of `"key-tan" Any`
    t =    93.27s     Find the "key-tan" Any
    t =    93.30s     Tap "key-tan" StaticText
    t =    93.30s         Wait for TAROKH.CalculatorSwiftUI to idle
    t =    93.30s         Find the "key-tan" StaticText
    t =    93.32s         Check for interrupting elements affecting "key-tan" StaticText
    t =    93.34s         Synthesize event
    t =    93.63s         Wait for TAROKH.CalculatorSwiftUI to idle
    t =    94.66s     Checking `Expect predicate `label == "0.00"` for object "display" StaticText`
    t =    94.66s         Find the "display" StaticText
    t =    94.69s     Find the "display" StaticText
    t =    94.70s     Find the Window (First Match)
    t =    94.71s     Find the "display" StaticText
    t =    94.73s     Find the Target Application 'TAROKH.CalculatorSwiftUI'
    t =    94.86s     Find the "display" StaticText
CASE A13 PASS display=0.00
    t =    94.88s A14
    t =    94.88s     Waiting 5.0s for "key-clear" Any to exist
    t =    95.90s         Checking `Expect predicate `existsNoRetry == 1` for object "key-clear" Any`
    t =    95.90s             Checking existence of `"key-clear" Any`
    t =    95.94s     Find the "key-clear" Any
    t =    95.98s     Tap "key-clear" Image
    t =    95.98s         Wait for TAROKH.CalculatorSwiftUI to idle
    t =    95.98s         Find the "key-clear" Image
    t =    96.02s         Check for interrupting elements affecting "key-clear" Image
    t =    96.04s         Synthesize event
    t =    96.33s         Wait for TAROKH.CalculatorSwiftUI to idle
    t =    96.34s     Waiting 5.0s for "key-π" Any to exist
    t =    97.36s         Checking `Expect predicate `existsNoRetry == 1` for object "key-π" Any`
    t =    97.36s             Checking existence of `"key-π" Any`
    t =    97.41s     Find the "key-π" Any
    t =    97.46s     Tap "key-π" StaticText
    t =    97.46s         Wait for TAROKH.CalculatorSwiftUI to idle
    t =    97.46s         Find the "key-π" StaticText
    t =    97.50s         Check for interrupting elements affecting "key-π" StaticText
    t =    97.52s         Synthesize event
    t =    97.81s         Wait for TAROKH.CalculatorSwiftUI to idle
    t =    98.83s     Checking `Expect predicate `label == "3.14"` for object "display" StaticText`
    t =    98.83s         Find the "display" StaticText
    t =    98.87s     Find the "display" StaticText
    t =    98.89s     Find the Window (First Match)
    t =    98.89s     Find the "display" StaticText
    t =    98.91s     Find the Target Application 'TAROKH.CalculatorSwiftUI'
    t =    99.04s     Find the "display" StaticText
CASE A14 PASS display=3.14
    t =    99.06s A15
    t =    99.06s     Waiting 5.0s for "key-clear" Any to exist
    t =   100.08s         Checking `Expect predicate `existsNoRetry == 1` for object "key-clear" Any`
    t =   100.08s             Checking existence of `"key-clear" Any`
    t =   100.12s     Find the "key-clear" Any
    t =   100.16s     Tap "key-clear" Image
    t =   100.16s         Wait for TAROKH.CalculatorSwiftUI to idle
    t =   100.17s         Find the "key-clear" Image
    t =   100.20s         Check for interrupting elements affecting "key-clear" Image
    t =   100.23s         Synthesize event
    t =   100.52s         Wait for TAROKH.CalculatorSwiftUI to idle
    t =   100.53s     Waiting 5.0s for "key-2" Any to exist
    t =   101.55s         Checking `Expect predicate `existsNoRetry == 1` for object "key-2" Any`
    t =   101.55s             Checking existence of `"key-2" Any`
    t =   101.58s     Find the "key-2" Any
    t =   101.62s     Tap "key-2" StaticText
    t =   101.62s         Wait for TAROKH.CalculatorSwiftUI to idle
    t =   101.62s         Find the "key-2" StaticText
    t =   101.65s         Check for interrupting elements affecting "key-2" StaticText
    t =   101.68s         Synthesize event
    t =   101.97s         Wait for TAROKH.CalculatorSwiftUI to idle
    t =   101.98s     Waiting 5.0s for "key-3" Any to exist
    t =   102.99s         Checking `Expect predicate `existsNoRetry == 1` for object "key-3" Any`
    t =   102.99s             Checking existence of `"key-3" Any`
    t =   103.02s     Find the "key-3" Any
    t =   103.06s     Tap "key-3" StaticText
    t =   103.06s         Wait for TAROKH.CalculatorSwiftUI to idle
    t =   103.07s         Find the "key-3" StaticText
    t =   103.10s         Check for interrupting elements affecting "key-3" StaticText
    t =   103.12s         Synthesize event
    t =   103.42s         Wait for TAROKH.CalculatorSwiftUI to idle
    t =   103.42s     Pressing Home button
    t =   104.95s     Checking `Expect predicate `BLOCKPREDICATE(0x10817b480)` for object Target Application 'TAROKH.CalculatorSwiftUI'`
    t =   105.00s     Open TAROKH.CalculatorSwiftUI
    t =   105.01s         Activate TAROKH.CalculatorSwiftUI
    t =   105.05s             Wait for TAROKH.CalculatorSwiftUI to idle
    t =   106.09s     Checking `Expect predicate `label == "23.00"` for object "display" StaticText`
    t =   106.09s         Find the "display" StaticText
    t =   106.11s     Find the "display" StaticText
    t =   106.13s     Find the Window (First Match)
    t =   106.14s     Find the "display" StaticText
    t =   106.15s     Find the Target Application 'TAROKH.CalculatorSwiftUI'
    t =   106.28s     Find the "display" StaticText
CASE A15 PASS display=23.00
    t =   106.29s Find the "key-cos" Any
    t =   106.32s Find the "key-cos" StaticText
    t =   106.33s Find the "key-cos" StaticText
    t =   106.35s Find the Window (First Match)
    t =   106.36s Find the "key-cos" StaticText
    t =   106.37s Find the "key-cos" StaticText
    t =   106.39s Find the "key-sin" Any
    t =   106.41s Find the "key-sin" StaticText
    t =   106.43s Find the "key-sin" StaticText
    t =   106.45s Find the Window (First Match)
    t =   106.45s Find the "key-sin" StaticText
    t =   106.47s Find the "key-sin" StaticText
    t =   106.49s Find the "key-sin" StaticText
    t =   106.51s Find the "key-tan" Any
    t =   106.53s Find the "key-tan" StaticText
    t =   106.55s Find the "key-tan" StaticText
    t =   106.57s Find the Window (First Match)
    t =   106.58s Find the "key-tan" StaticText
    t =   106.59s Find the "key-tan" StaticText
    t =   106.61s Find the "key-tan" StaticText
    t =   106.63s Find the "key-tan" StaticText
    t =   106.65s Find the "key-multiply" Any
    t =   106.68s Find the "key-multiply" Image
    t =   106.70s Find the "key-multiply" Image
    t =   106.72s Find the Window (First Match)
    t =   106.73s Find the "key-multiply" Image
    t =   106.75s Find the "key-multiply" Image
    t =   106.77s Find the "key-multiply" Image
    t =   106.79s Find the "key-multiply" Image
    t =   106.81s Find the "key-multiply" Image
    t =   106.83s Find the "key-7" Any
    t =   106.86s Find the "key-7" StaticText
    t =   106.88s Find the "key-7" StaticText
    t =   106.91s Find the Window (First Match)
    t =   106.91s Find the "key-7" StaticText
    t =   106.93s Find the "key-7" StaticText
    t =   106.96s Find the "key-7" StaticText
    t =   106.98s Find the "key-7" StaticText
    t =   107.00s Find the "key-7" StaticText
    t =   107.02s Find the "key-7" StaticText
    t =   107.04s Find the "key-8" Any
    t =   107.07s Find the "key-8" StaticText
    t =   107.10s Find the "key-8" StaticText
    t =   107.12s Find the Window (First Match)
    t =   107.12s Find the "key-8" StaticText
    t =   107.15s Find the "key-8" StaticText
    t =   107.17s Find the "key-8" StaticText
    t =   107.19s Find the "key-8" StaticText
    t =   107.22s Find the "key-8" StaticText
    t =   107.24s Find the "key-8" StaticText
    t =   107.26s Find the "key-8" StaticText
    t =   107.28s Find the "key-9" Any
    t =   107.31s Find the "key-9" StaticText
    t =   107.34s Find the "key-9" StaticText
    t =   107.36s Find the Window (First Match)
    t =   107.37s Find the "key-9" StaticText
    t =   107.40s Find the "key-9" StaticText
    t =   107.42s Find the "key-9" StaticText
    t =   107.44s Find the "key-9" StaticText
    t =   107.47s Find the "key-9" StaticText
    t =   107.49s Find the "key-9" StaticText
    t =   107.51s Find the "key-9" StaticText
    t =   107.54s Find the "key-9" StaticText
    t =   107.56s Find the "key-divide" Any
    t =   107.59s Find the "key-divide" Image
    t =   107.62s Find the "key-divide" Image
    t =   107.65s Find the Window (First Match)
    t =   107.65s Find the "key-divide" Image
    t =   107.68s Find the "key-divide" Image
    t =   107.70s Find the "key-divide" Image
    t =   107.73s Find the "key-divide" Image
    t =   107.76s Find the "key-divide" Image
    t =   107.78s Find the "key-divide" Image
    t =   107.81s Find the "key-divide" Image
    t =   107.83s Find the "key-divide" Image
    t =   107.86s Find the "key-divide" Image
    t =   107.88s Find the "key-4" Any
    t =   107.92s Find the "key-4" StaticText
    t =   107.94s Find the "key-4" StaticText
    t =   107.97s Find the Window (First Match)
    t =   107.98s Find the "key-4" StaticText
    t =   108.01s Find the "key-4" StaticText
    t =   108.03s Find the "key-4" StaticText
    t =   108.06s Find the "key-4" StaticText
    t =   108.09s Find the "key-4" StaticText
    t =   108.11s Find the "key-4" StaticText
    t =   108.14s Find the "key-4" StaticText
    t =   108.17s Find the "key-4" StaticText
    t =   108.19s Find the "key-4" StaticText
    t =   108.22s Find the "key-4" StaticText
    t =   108.25s Find the "key-5" Any
    t =   108.29s Find the "key-5" StaticText
    t =   108.31s Find the "key-5" StaticText
    t =   108.34s Find the Window (First Match)
    t =   108.35s Find the "key-5" StaticText
    t =   108.37s Find the "key-5" StaticText
    t =   108.40s Find the "key-5" StaticText
    t =   108.43s Find the "key-5" StaticText
    t =   108.46s Find the "key-5" StaticText
    t =   108.49s Find the "key-5" StaticText
    t =   108.51s Find the "key-5" StaticText
    t =   108.54s Find the "key-5" StaticText
    t =   108.57s Find the "key-5" StaticText
    t =   108.60s Find the "key-5" StaticText
    t =   108.63s Find the "key-5" StaticText
    t =   108.66s Find the "key-6" Any
    t =   108.69s Find the "key-6" StaticText
    t =   108.72s Find the "key-6" StaticText
    t =   108.75s Find the Window (First Match)
    t =   108.76s Find the "key-6" StaticText
    t =   108.79s Find the "key-6" StaticText
    t =   108.81s Find the "key-6" StaticText
    t =   108.84s Find the "key-6" StaticText
    t =   108.87s Find the "key-6" StaticText
    t =   108.90s Find the "key-6" StaticText
    t =   108.93s Find the "key-6" StaticText
    t =   108.96s Find the "key-6" StaticText
    t =   108.99s Find the "key-6" StaticText
    t =   109.02s Find the "key-6" StaticText
    t =   109.05s Find the "key-6" StaticText
    t =   109.08s Find the "key-6" StaticText
    t =   109.11s Find the "key-plus" Any
    t =   109.15s Find the "key-plus" Image
    t =   109.18s Find the "key-plus" Image
    t =   109.21s Find the Window (First Match)
    t =   109.22s Find the "key-plus" Image
    t =   109.25s Find the "key-plus" Image
    t =   109.28s Find the "key-plus" Image
    t =   109.31s Find the "key-plus" Image
    t =   109.34s Find the "key-plus" Image
    t =   109.37s Find the "key-plus" Image
    t =   109.40s Find the "key-plus" Image
    t =   109.43s Find the "key-plus" Image
    t =   109.46s Find the "key-plus" Image
    t =   109.49s Find the "key-plus" Image
    t =   109.52s Find the "key-plus" Image
    t =   109.55s Find the "key-plus" Image
    t =   109.58s Find the "key-plus" Image
    t =   109.61s Find the "key-1" Any
    t =   109.65s Find the "key-1" StaticText
    t =   109.68s Find the "key-1" StaticText
    t =   109.71s Find the Window (First Match)
    t =   109.72s Find the "key-1" StaticText
    t =   109.75s Find the "key-1" StaticText
    t =   109.78s Find the "key-1" StaticText
    t =   109.81s Find the "key-1" StaticText
    t =   109.84s Find the "key-1" StaticText
    t =   109.88s Find the "key-1" StaticText
    t =   109.91s Find the "key-1" StaticText
    t =   109.94s Find the "key-1" StaticText
    t =   109.97s Find the "key-1" StaticText
    t =   110.00s Find the "key-1" StaticText
    t =   110.03s Find the "key-1" StaticText
    t =   110.07s Find the "key-1" StaticText
    t =   110.10s Find the "key-1" StaticText
    t =   110.13s Find the "key-1" StaticText
    t =   110.16s Find the "key-2" Any
    t =   110.20s Find the "key-2" StaticText
    t =   110.23s Find the "key-2" StaticText
    t =   110.27s Find the Window (First Match)
    t =   110.28s Find the "key-2" StaticText
    t =   110.31s Find the "key-2" StaticText
    t =   110.34s Find the "key-2" StaticText
    t =   110.37s Find the "key-2" StaticText
    t =   110.41s Find the "key-2" StaticText
    t =   110.44s Find the "key-2" StaticText
    t =   110.48s Find the "key-2" StaticText
    t =   110.51s Find the "key-2" StaticText
    t =   110.54s Find the "key-2" StaticText
    t =   110.58s Find the "key-2" StaticText
    t =   110.61s Find the "key-2" StaticText
    t =   110.64s Find the "key-2" StaticText
    t =   110.68s Find the "key-2" StaticText
    t =   110.71s Find the "key-2" StaticText
    t =   110.74s Find the "key-2" StaticText
    t =   110.77s Find the "key-3" Any
    t =   110.81s Find the "key-3" StaticText
    t =   110.85s Find the "key-3" StaticText
    t =   110.88s Find the Window (First Match)
    t =   110.89s Find the "key-3" StaticText
    t =   110.92s Find the "key-3" StaticText
    t =   110.96s Find the "key-3" StaticText
    t =   110.99s Find the "key-3" StaticText
    t =   111.04s Find the "key-3" StaticText
    t =   111.08s Find the "key-3" StaticText
    t =   111.12s Find the "key-3" StaticText
    t =   111.16s Find the "key-3" StaticText
    t =   111.19s Find the "key-3" StaticText
    t =   111.23s Find the "key-3" StaticText
    t =   111.27s Find the "key-3" StaticText
    t =   111.30s Find the "key-3" StaticText
    t =   111.34s Find the "key-3" StaticText
    t =   111.37s Find the "key-3" StaticText
    t =   111.41s Find the "key-3" StaticText
    t =   111.44s Find the "key-3" StaticText
    t =   111.48s Find the "key-minus" Any
    t =   111.52s Find the "key-minus" Image
    t =   111.55s Find the "key-minus" Image
    t =   111.59s Find the Window (First Match)
    t =   111.60s Find the "key-minus" Image
    t =   111.63s Find the "key-minus" Image
    t =   111.67s Find the "key-minus" Image
    t =   111.70s Find the "key-minus" Image
    t =   111.74s Find the "key-minus" Image
    t =   111.78s Find the "key-minus" Image
    t =   111.81s Find the "key-minus" Image
    t =   111.85s Find the "key-minus" Image
    t =   111.88s Find the "key-minus" Image
    t =   111.92s Find the "key-minus" Image
    t =   111.95s Find the "key-minus" Image
    t =   111.99s Find the "key-minus" Image
    t =   112.03s Find the "key-minus" Image
    t =   112.06s Find the "key-minus" Image
    t =   112.10s Find the "key-minus" Image
    t =   112.14s Find the "key-minus" Image
    t =   112.17s Find the "key-minus" Image
    t =   112.21s Find the "key-clear" Any
    t =   112.25s Find the "key-clear" Image
    t =   112.29s Find the "key-clear" Image
    t =   112.33s Find the Window (First Match)
    t =   112.33s Find the "key-clear" Image
    t =   112.37s Find the "key-clear" Image
    t =   112.41s Find the "key-clear" Image
    t =   112.46s Find the "key-clear" Image
    t =   112.49s Find the "key-clear" Image
    t =   112.53s Find the "key-clear" Image
    t =   112.57s Find the "key-clear" Image
    t =   112.61s Find the "key-clear" Image
    t =   112.64s Find the "key-clear" Image
    t =   112.68s Find the "key-clear" Image
    t =   112.72s Find the "key-clear" Image
    t =   112.76s Find the "key-clear" Image
    t =   112.80s Find the "key-clear" Image
    t =   112.84s Find the "key-clear" Image
    t =   112.88s Find the "key-clear" Image
    t =   112.93s Find the "key-clear" Image
    t =   112.96s Find the "key-clear" Image
    t =   113.00s Find the "key-clear" Image
    t =   113.04s Find the "key-0" Any
    t =   113.09s Find the "key-0" StaticText
    t =   113.13s Find the "key-0" StaticText
    t =   113.18s Find the Window (First Match)
    t =   113.18s Find the "key-0" StaticText
    t =   113.22s Find the "key-0" StaticText
    t =   113.26s Find the "key-0" StaticText
    t =   113.30s Find the "key-0" StaticText
    t =   113.34s Find the "key-0" StaticText
    t =   113.38s Find the "key-0" StaticText
    t =   113.42s Find the "key-0" StaticText
    t =   113.45s Find the "key-0" StaticText
    t =   113.49s Find the "key-0" StaticText
    t =   113.53s Find the "key-0" StaticText
    t =   113.57s Find the "key-0" StaticText
    t =   113.61s Find the "key-0" StaticText
    t =   113.65s Find the "key-0" StaticText
    t =   113.68s Find the "key-0" StaticText
    t =   113.72s Find the "key-0" StaticText
    t =   113.76s Find the "key-0" StaticText
    t =   113.80s Find the "key-0" StaticText
    t =   113.84s Find the "key-0" StaticText
    t =   113.88s Find the "key-0" StaticText
    t =   113.92s Find the "key-π" Any
    t =   113.96s Find the "key-π" StaticText
    t =   114.00s Find the "key-π" StaticText
    t =   114.04s Find the Window (First Match)
    t =   114.05s Find the "key-π" StaticText
    t =   114.09s Find the "key-π" StaticText
    t =   114.13s Find the "key-π" StaticText
    t =   114.17s Find the "key-π" StaticText
    t =   114.21s Find the "key-π" StaticText
    t =   114.25s Find the "key-π" StaticText
    t =   114.29s Find the "key-π" StaticText
    t =   114.33s Find the "key-π" StaticText
    t =   114.37s Find the "key-π" StaticText
    t =   114.41s Find the "key-π" StaticText
    t =   114.45s Find the "key-π" StaticText
    t =   114.49s Find the "key-π" StaticText
    t =   114.53s Find the "key-π" StaticText
    t =   114.57s Find the "key-π" StaticText
    t =   114.61s Find the "key-π" StaticText
    t =   114.65s Find the "key-π" StaticText
    t =   114.68s Find the "key-π" StaticText
    t =   114.72s Find the "key-π" StaticText
    t =   114.76s Find the "key-π" StaticText
    t =   114.81s Find the "key-π" StaticText
    t =   114.85s Find the "key-equal" Any
    t =   114.90s Find the "key-equal" Image
    t =   114.94s Find the "key-equal" Image
    t =   114.98s Find the Window (First Match)
    t =   114.99s Find the "key-equal" Image
    t =   115.03s Find the "key-equal" Image
    t =   115.08s Find the "key-equal" Image
    t =   115.12s Find the "key-equal" Image
    t =   115.16s Find the "key-equal" Image
    t =   115.20s Find the "key-equal" Image
    t =   115.24s Find the "key-equal" Image
    t =   115.29s Find the "key-equal" Image
    t =   115.33s Find the "key-equal" Image
    t =   115.37s Find the "key-equal" Image
    t =   115.41s Find the "key-equal" Image
    t =   115.46s Find the "key-equal" Image
    t =   115.50s Find the "key-equal" Image
    t =   115.55s Find the "key-equal" Image
    t =   115.59s Find the "key-equal" Image
    t =   115.63s Find the "key-equal" Image
    t =   115.68s Find the "key-equal" Image
    t =   115.72s Find the "key-equal" Image
    t =   115.76s Find the "key-equal" Image
    t =   115.80s Find the "key-equal" Image
    t =   115.85s Find the "key-equal" Image
    t =   115.89s Find the Window (First Match)
    t =   115.90s Tear Down
Test Case '-[CalculatorUITests.CalculatorUITests testApprovedCasesOnCurrentDevice]' passed (116.206 seconds).
Test Suite 'CalculatorUITests' passed at 2026-10-08 14:31:07.989.
	 Executed 1 test, with 0 failures (0 unexpected) in 116.206 (116.210) seconds
Test Suite 'CalculatorUITests.xctest' passed at 2026-10-08 14:31:07.990.
	 Executed 1 test, with 0 failures (0 unexpected) in 116.206 (116.210) seconds
Test Suite 'All tests' passed at 2026-10-08 14:31:07.990.
	 Executed 1 test, with 0 failures (0 unexpected) in 116.206 (116.211) seconds

Test session results, code coverage, and logs:
	/tmp/ui-goal04-20261006-azi78jzc/formal-pilot-preparation/native/Pro/tests.xcresult

** TEST SUCCEEDED **

Testing started
